Setting regression parameters
Not logging run with mlflow, set MLFLOW_HOSTNAME environment to variable enable mlflow.
Number of parameters in backbone:  25233408
Using a Transformer with 25.98 M parameters
Using cuda device
Policy TF32 matmul: True (prev=False)
Train profiler: enabled (output_path=None, ema_alpha=0.20, warmup_epochs=0, warmup_batches=0, log_every_batches=1, wandb=False)
GPU observer: enabled (device_index=0, pid=793307, interval_sec=0.20, sample_output=None, stage_output=None)
Using policy_gradient objective with differentiable EnvironmentPrior rollout.
Environment rollout backend: torch_vectorized (grouping=family, strict_rng_match=False)
Policy objective: raw_discounted_reward_mean (discount=1)
Policy rollout chunk size: auto(batch_size)
Policy rollout chunk autotune: False (grow_every=8, grow_factor=2.00)
Policy rollout checkpoint: True
Policy rollout checkpoint reentrant: True
Policy inner forward_step recompute_attn: kept enabled (TBPTT streaming path does not use outer rollout checkpoint).
Policy grad-mutable KV cache: True
Policy KV cache mode: paged
Policy KV cache page size: 128
Policy paged-attn train mode: auto
Policy flash-prefix async: True
Policy paged-attn dense page cap: 128
Policy paged tail freeze: True
Policy KV cache in-place append: False
Policy saved-tensors CPU offload: False
Policy OOM debug re-raise: False
Policy TBPTT window: 64
Policy TBPTT stream merge windows: 2
Policy env replay steps: 1
Policy OOM reduce TBPTT first: True
Policy torch.compile: False
Policy runtime torch: 2.10.0+cu128 (sdpa_kernel_api=True)
Policy finalize 2D fastpath: True
Policy autocast dtype: bf16
GPU observer enabled: True
GPU observer sampling: interval_sec=0.20 samples_jsonl=None stages_jsonl=None
Kernel profiler enabled: False
Single GPU training on NVIDIA GeForce RTX 4090
Starting training of model rlpfn_E1_n1_traingpuobserverenabledTrue_traingpuobserverintervalsec0.2_trainprofilerenabledTrue_trainprofilerlogeverybatches1_trainprofilerwandbFalse_03_04_2026_10_09_50
AdamW fused: enabled
start of epoch 1
[pg-oom] epoch=1 batch=0 reducing TBPTT stream merge windows to 1 (chunk=64, tbptt=64)
[pg-oom-retry] epoch=1 batch=0 attempt=2/8 chunk=64 tbptt=64
[pg-gpu-stage] epoch=1 batch=0 stage=rollout  samples=252 gpu_util_avg=27.27 gpu_util_max=92.00 proc_mem_avg_mib=26065.6 proc_mem_max_mib=47898.0 proc_mem_share_avg=53.04 proc_sm_util_avg=25.45 cuda_ms=74770.67 cuda_busy_ratio=1.000 rollout_policy_cuda_ms=15583.86 rollout_transition_cuda_ms=14478.30 rollout_policy_share=0.518 rollout_policy_wall_ms=15586.41 rollout_transition_wall_ms=14510.71 rollout_policy_wall_share=0.518 rollout_transition_group_share=0.966 rollout_transition_env_pack_share=0.027 rollout_transition_state_update_share=0.030 rollout_transition_noise_share=0.025 rollout_transition_group_count=2 rollout_transition_async_enabled=1 rollout_transition_group_launch_share=0.903 rollout_transition_group_sync_share=0.035 rollout_noise_mode=block_stream rollout_noise_block_size=64 policy_step_calls=1151 policy_step_total_ms=17775.72 policy_step_encode_share=0.050 policy_step_transformer_share=0.928 policy_step_decoder_share=0.017 policy_step_tf_layer_calls=13812 policy_step_tf_layer_total_ms=16281.40 policy_step_tf_layer_proj_share=0.150 policy_step_tf_layer_cache_share=0.195 policy_step_tf_layer_attnff_share=0.632 policy_step_tf_layer_attn_core_share=0.151 policy_step_tf_layer_finalize_share=0.461 policy_step_tf_layer_finalize_attn_outproj_share=0.172 policy_step_tf_layer_finalize_ffn_share=0.247 policy_step_paged_dispatch(single/flashp/flashm/dense)=1536/12276/0/0 rollout_cuda_busy_ratio=1.000 backward_cuda_busy_ratio=1.000 tbptt_stream_merge_windows=1 tbptt_stream_backward_calls=16 tbptt_stream_backward_roots=16 tbptt_stream_merge_effective=1.00 rollout_forward_est_s=32.283 rollout_instage_backward_s=42.489 rollout_instage_backward_share=0.568 pg_loss_sig=pg_v2|norm=0|disc=1|detach=1|eps=1e-06|clip=10|rclip=10 host_rss_gib=1.91 host_avail_gib=54.25
[pg-gpu-stage] epoch=1 batch=0 stage=backward  samples=238 gpu_util_avg=26.32 gpu_util_max=29.00 proc_mem_avg_mib=26290.0 proc_mem_max_mib=27064.0 proc_mem_share_avg=53.50 proc_sm_util_avg=25.44 cuda_ms=42487.01 cuda_busy_ratio=0.602
[pg-gpu-stage] epoch=1 batch=0 stage=step  samples=0 gpu_util_avg=na gpu_util_max=na proc_mem_avg_mib=na proc_mem_max_mib=na proc_mem_share_avg=na proc_sm_util_avg=na cuda_ms=43.95 cuda_busy_ratio=0.999
[pg-phase] epoch=1 batch=0 rollout_s=74.771 backward_s=42.489 step_s=0.044 backward_calls=16 chunk=64 tbptt=64 status=ok objective=+2.819e-03 reward_mean=+2.819e-03 reward_std=2.013e-01 reward_min=na reward_max=na reward_absmax=0.000e+00 clip_hit=0.000 norm_clip_hit=0.000 grad_norm=4.033e-03 stepped=1 opt_step=1 rollout_policy_cuda_ms=15583.86 rollout_transition_cuda_ms=14478.30 rollout_policy_share=0.518 rollout_policy_wall_ms=15586.41 rollout_transition_wall_ms=14510.71 rollout_policy_wall_share=0.518 rollout_transition_group_share=0.966 rollout_transition_env_pack_share=0.027 rollout_transition_state_update_share=0.030 rollout_transition_noise_share=0.025 rollout_transition_group_count=2 rollout_transition_async_enabled=1 rollout_transition_group_launch_share=0.903 rollout_transition_group_sync_share=0.035 rollout_noise_mode=block_stream rollout_noise_block_size=64 policy_step_calls=1151 policy_step_total_ms=17775.72 policy_step_encode_share=0.050 policy_step_transformer_share=0.928 policy_step_decoder_share=0.017 policy_step_tf_layer_calls=13812 policy_step_tf_layer_total_ms=16281.40 policy_step_tf_layer_proj_share=0.150 policy_step_tf_layer_cache_share=0.195 policy_step_tf_layer_attnff_share=0.632 policy_step_tf_layer_attn_core_share=0.151 policy_step_tf_layer_finalize_share=0.461 policy_step_tf_layer_finalize_attn_outproj_share=0.172 policy_step_tf_layer_finalize_ffn_share=0.247 policy_step_paged_dispatch(single/flashp/flashm/dense)=1536/12276/0/0 rollout_cuda_busy_ratio=1.000 backward_cuda_busy_ratio=1.000 tbptt_stream_merge_windows=1 tbptt_stream_backward_calls=16 tbptt_stream_backward_roots=16 tbptt_stream_merge_effective=1.00 rollout_forward_est_s=32.283 rollout_instage_backward_s=42.489 rollout_instage_backward_share=0.568 pg_loss_sig=pg_v2|norm=0|disc=1|detach=1|eps=1e-06|clip=10|rclip=10 host_rss_gib=1.91 host_avail_gib=54.25
 [profile-interval] epoch=1 batch=1 steps/s=0.01 samples/s=0.79 tokens/s=808.10
[pg-epoch] obj_mean=+2.819e-03 obj_std=0.000e+00 obj_snr=2.819e+09 grad_snr=4032784607.2614193 flip_rate=0.0
[pg-note] learning rate is still in warmup phase (epoch 1/20, lr=3.000e-15, base_lr=3.000e-05); early objective fluctuations are expected.
-----------------------------------------------------------------------------------------
 peak gpu mem alloc/reserved 43.66GiB/46.30GiB |
| end of epoch   1 | Wallclock time: 81.10s | GPU time: 81.10s | mean loss -2.818501e-03 | 
 profile steps/s 0.01 (ema 0.01) | samples/s 0.79 | tokens/s 808.08 | valid/skipped 1/0
 gpu-observer samples 273 | gpu_util_avg 27.09157509157509 | gpu_util_max 92.0 | proc_mem_avg_mib 25647.472527472528 | proc_mem_max_mib 47898.0 | proc_sm_util_avg 25.15573770491803 | proc_sm_util_max 31.0
 lr 3.0000000000000002e-15 nan share  0.00 ignore share (for classification tasks) 0.0000
-----------------------------------------------------------------------------------------
Saving model to ./models_diff/rlpfn_E1_n1_traingpuobserverenabledTrue_traingpuobserverintervalsec0.2_trainprofilerenabledTrue_trainprofilerlogeverybatches1_trainprofilerwandbFalse_03_04_2026_10_09_50_epoch_on_exit.cpkt
