Setting regression parameters
Not logging run with mlflow, set MLFLOW_HOSTNAME environment to variable enable mlflow.
Number of parameters in backbone:  25233408
Using a Transformer with 25.98 M parameters
Using cuda device
Policy TF32 matmul: True (prev=False)
Train profiler: enabled (output_path=None, ema_alpha=0.20, warmup_epochs=0, warmup_batches=0, log_every_batches=1, wandb=False)
GPU observer: enabled (device_index=0, pid=760049, interval_sec=0.20, sample_output=None, stage_output=None)
Using policy_gradient objective with differentiable EnvironmentPrior rollout.
Environment rollout backend: torch_vectorized (grouping=family, strict_rng_match=False)
Policy objective: raw_discounted_reward_mean (discount=1)
Policy rollout chunk size: auto(batch_size)
Policy rollout chunk autotune: False (grow_every=8, grow_factor=2.00)
Policy rollout checkpoint: True
Policy rollout checkpoint reentrant: True
Policy inner forward_step recompute_attn: kept enabled (TBPTT streaming path does not use outer rollout checkpoint).
Policy grad-mutable KV cache: True
Policy KV cache mode: paged
Policy KV cache page size: 128
Policy paged-attn train mode: auto
Policy flash-prefix async: True
Policy paged-attn dense page cap: 128
Policy KV cache in-place append: False
Policy saved-tensors CPU offload: False
Policy OOM debug re-raise: False
Policy TBPTT window: 64
Policy TBPTT stream merge windows: 1
Policy env replay steps: 1
Policy OOM reduce TBPTT first: True
Policy torch.compile: False
Policy runtime torch: 2.10.0+cu128 (sdpa_kernel_api=True)
Policy finalize 2D fastpath: True
Policy autocast dtype: bf16
GPU observer enabled: True
GPU observer sampling: interval_sec=0.20 samples_jsonl=None stages_jsonl=None
Kernel profiler enabled: False
Single GPU training on NVIDIA GeForce RTX 4090
Starting training of model rlpfn_E1_n1_traingpuobserverenabledTrue_traingpuobserverintervalsec0.2_trainprofilerenabledTrue_trainprofilerlogeverybatches1_trainprofilerwandbFalse_03_04_2026_09_12_05
AdamW fused: enabled
start of epoch 1
[pg-gpu-stage] epoch=1 batch=0 stage=rollout  samples=207 gpu_util_avg=26.86 gpu_util_max=30.00 proc_mem_avg_mib=23949.3 proc_mem_max_mib=26286.0 proc_mem_share_avg=48.74 proc_sm_util_avg=25.54 cuda_ms=61624.28 cuda_busy_ratio=1.000 rollout_policy_cuda_ms=15555.81 rollout_transition_cuda_ms=8512.52 rollout_policy_share=0.646 rollout_policy_wall_ms=15559.39 rollout_transition_wall_ms=8556.97 rollout_policy_wall_share=0.645 rollout_transition_group_share=0.944 rollout_transition_env_pack_share=0.044 rollout_transition_state_update_share=0.046 rollout_transition_noise_share=0.042 rollout_transition_group_count=2 rollout_transition_async_enabled=1 rollout_transition_group_launch_share=0.844 rollout_transition_group_sync_share=0.056 rollout_noise_mode=block_stream rollout_noise_block_size=64 policy_step_calls=1024 policy_step_total_ms=15289.21 policy_step_encode_share=0.052 policy_step_transformer_share=0.924 policy_step_decoder_share=0.019 policy_step_tf_layer_calls=12288 policy_step_tf_layer_total_ms=13971.51 policy_step_tf_layer_proj_share=0.152 policy_step_tf_layer_cache_share=0.204 policy_step_tf_layer_attnff_share=0.622 policy_step_tf_layer_attn_core_share=0.149 policy_step_tf_layer_finalize_share=0.456 policy_step_tf_layer_finalize_attn_outproj_share=0.173 policy_step_tf_layer_finalize_ffn_share=0.244 policy_step_paged_dispatch(single/flashp/flashm/dense)=1536/10752/0/0 rollout_cuda_busy_ratio=1.000 backward_cuda_busy_ratio=1.000 tbptt_stream_merge_windows=1 tbptt_stream_backward_calls=16 tbptt_stream_backward_roots=16 tbptt_stream_merge_effective=1.00 rollout_forward_est_s=26.212 rollout_instage_backward_s=35.413 rollout_instage_backward_share=0.575 pg_loss_sig=pg_v2|norm=0|disc=1|detach=1|eps=1e-06|clip=10|rclip=10 host_rss_gib=1.77 host_avail_gib=54.39
[pg-gpu-stage] epoch=1 batch=0 stage=backward  samples=198 gpu_util_avg=26.99 gpu_util_max=30.00 proc_mem_avg_mib=24765.2 proc_mem_max_mib=26286.0 proc_mem_share_avg=50.40 proc_sm_util_avg=25.83 cuda_ms=35409.76 cuda_busy_ratio=0.602
[pg-gpu-stage] epoch=1 batch=0 stage=step  samples=1 gpu_util_avg=28.00 gpu_util_max=28.00 proc_mem_avg_mib=26286.0 proc_mem_max_mib=26286.0 proc_mem_share_avg=53.49 proc_sm_util_avg=14.00 cuda_ms=48.44 cuda_busy_ratio=0.997
[pg-phase] epoch=1 batch=0 rollout_s=61.625 backward_s=35.413 step_s=0.048 backward_calls=16 chunk=64 tbptt=64 status=ok objective=-6.915e-03 reward_mean=-6.915e-03 reward_std=5.022e-01 reward_min=na reward_max=na reward_absmax=0.000e+00 clip_hit=0.000 norm_clip_hit=0.000 grad_norm=2.084e-02 stepped=1 opt_step=1 rollout_policy_cuda_ms=15555.81 rollout_transition_cuda_ms=8512.52 rollout_policy_share=0.646 rollout_policy_wall_ms=15559.39 rollout_transition_wall_ms=8556.97 rollout_policy_wall_share=0.645 rollout_transition_group_share=0.944 rollout_transition_env_pack_share=0.044 rollout_transition_state_update_share=0.046 rollout_transition_noise_share=0.042 rollout_transition_group_count=2 rollout_transition_async_enabled=1 rollout_transition_group_launch_share=0.844 rollout_transition_group_sync_share=0.056 rollout_noise_mode=block_stream rollout_noise_block_size=64 policy_step_calls=1024 policy_step_total_ms=15289.21 policy_step_encode_share=0.052 policy_step_transformer_share=0.924 policy_step_decoder_share=0.019 policy_step_tf_layer_calls=12288 policy_step_tf_layer_total_ms=13971.51 policy_step_tf_layer_proj_share=0.152 policy_step_tf_layer_cache_share=0.204 policy_step_tf_layer_attnff_share=0.622 policy_step_tf_layer_attn_core_share=0.149 policy_step_tf_layer_finalize_share=0.456 policy_step_tf_layer_finalize_attn_outproj_share=0.173 policy_step_tf_layer_finalize_ffn_share=0.244 policy_step_paged_dispatch(single/flashp/flashm/dense)=1536/10752/0/0 rollout_cuda_busy_ratio=1.000 backward_cuda_busy_ratio=1.000 tbptt_stream_merge_windows=1 tbptt_stream_backward_calls=16 tbptt_stream_backward_roots=16 tbptt_stream_merge_effective=1.00 rollout_forward_est_s=26.212 rollout_instage_backward_s=35.413 rollout_instage_backward_share=0.575 pg_loss_sig=pg_v2|norm=0|disc=1|detach=1|eps=1e-06|clip=10|rclip=10 host_rss_gib=1.77 host_avail_gib=54.39
 [profile-interval] epoch=1 batch=1 steps/s=0.02 samples/s=1.04 tokens/s=1062.51
[pg-epoch] obj_mean=-6.915e-03 obj_std=0.000e+00 obj_snr=6.915e+09 grad_snr=20843971520.662308 flip_rate=0.0
[pg-note] learning rate is still in warmup phase (epoch 1/20, lr=3.000e-15, base_lr=3.000e-05); early objective fluctuations are expected.
-----------------------------------------------------------------------------------------
 peak gpu mem alloc/reserved 21.69GiB/25.19GiB |
| end of epoch   1 | Wallclock time: 61.68s | GPU time: 61.68s | mean loss +6.914801e-03 | 
 profile steps/s 0.02 (ema 0.02) | samples/s 1.04 | tokens/s 1062.49 | valid/skipped 1/0
 gpu-observer samples 208 | gpu_util_avg 26.860576923076923 | gpu_util_max 30.0 | proc_mem_avg_mib 23960.55769230769 | proc_mem_max_mib 26286.0 | proc_sm_util_avg 25.48469387755102 | proc_sm_util_max 30.0
 lr 3.0000000000000002e-15 nan share  0.00 ignore share (for classification tasks) 0.0000
-----------------------------------------------------------------------------------------
Saving model to ./models_diff/rlpfn_E1_n1_traingpuobserverenabledTrue_traingpuobserverintervalsec0.2_trainprofilerenabledTrue_trainprofilerlogeverybatches1_trainprofilerwandbFalse_03_04_2026_09_12_05_epoch_on_exit.cpkt
