Setting regression parameters
Not logging run with mlflow, set MLFLOW_HOSTNAME environment to variable enable mlflow.
Number of parameters in backbone:  25233408
Using a Transformer with 25.98 M parameters
Using cuda device
Policy TF32 matmul: True (prev=False)
Train profiler: enabled (output_path=None, ema_alpha=0.20, warmup_epochs=0, warmup_batches=0, log_every_batches=1, wandb=False)
GPU observer: enabled (device_index=0, pid=741830, interval_sec=0.20, sample_output=None, stage_output=None)
Using policy_gradient objective with differentiable EnvironmentPrior rollout.
Environment rollout backend: torch_vectorized (grouping=family, strict_rng_match=False)
Policy objective: raw_discounted_reward_mean (discount=1)
Policy rollout chunk size: auto(batch_size)
Policy rollout chunk autotune: False (grow_every=8, grow_factor=2.00)
Policy rollout checkpoint: True
Policy rollout checkpoint reentrant: True
Policy inner forward_step recompute_attn: kept enabled (TBPTT streaming path does not use outer rollout checkpoint).
Policy grad-mutable KV cache: True
Policy KV cache mode: paged
Policy KV cache page size: 128
Policy paged-attn train mode: auto
Policy paged-attn dense page cap: 128
Policy KV cache in-place append: False
Policy saved-tensors CPU offload: False
Policy OOM debug re-raise: False
Policy TBPTT window: 64
Policy TBPTT stream merge windows: 1
Policy env replay steps: 1
Policy OOM reduce TBPTT first: True
Policy torch.compile: False
Policy runtime torch: 2.10.0+cu128 (sdpa_kernel_api=True)
Policy finalize 2D fastpath: True
Policy autocast dtype: bf16
GPU observer enabled: True
GPU observer sampling: interval_sec=0.20 samples_jsonl=None stages_jsonl=None
Kernel profiler enabled: False
Single GPU training on NVIDIA GeForce RTX 4090
Starting training of model rlpfn_E1_n1_traingpuobserverenabledTrue_traingpuobserverintervalsec0.2_trainprofilerenabledTrue_trainprofilerlogeverybatches1_trainprofilerwandbFalse_03_04_2026_08_38_03
AdamW fused: enabled
start of epoch 1
[pg-gpu-stage] epoch=1 batch=0 stage=rollout  samples=241 gpu_util_avg=27.47 gpu_util_max=39.00 proc_mem_avg_mib=33293.2 proc_mem_max_mib=36366.0 proc_mem_share_avg=67.75 proc_sm_util_avg=25.62 cuda_ms=71544.05 cuda_busy_ratio=1.000 rollout_policy_cuda_ms=15264.48 rollout_transition_cuda_ms=12886.31 rollout_policy_share=0.542 rollout_policy_wall_ms=15273.22 rollout_transition_wall_ms=12920.32 rollout_policy_wall_share=0.542 rollout_transition_y_share=0.445 rollout_transition_x_share=0.455 rollout_transition_group_share=0.964 rollout_transition_env_pack_share=0.028 rollout_transition_state_update_share=0.026 rollout_transition_noise_share=0.028 rollout_transition_group_count=2 rollout_noise_mode=block_stream rollout_noise_block_size=64 policy_step_calls=1024 policy_step_total_ms=15007.64 policy_step_encode_share=0.053 policy_step_transformer_share=0.928 policy_step_decoder_share=0.017 rollout_cuda_busy_ratio=1.000 backward_cuda_busy_ratio=1.000 tbptt_stream_merge_windows=1 rollout_forward_est_s=30.718 rollout_instage_backward_s=40.827 rollout_instage_backward_share=0.571 pg_loss_sig=pg_v2|norm=0|disc=1|detach=1|eps=1e-06|clip=10|rclip=10 host_rss_gib=1.88 host_avail_gib=54.76
[pg-gpu-stage] epoch=1 batch=0 stage=backward  samples=229 gpu_util_avg=27.54 gpu_util_max=39.00 proc_mem_avg_mib=34577.1 proc_mem_max_mib=36366.0 proc_mem_share_avg=70.36 proc_sm_util_avg=26.08 cuda_ms=40825.41 cuda_busy_ratio=0.600
[pg-gpu-stage] epoch=1 batch=0 stage=step  samples=1 gpu_util_avg=30.00 gpu_util_max=30.00 proc_mem_avg_mib=36366.0 proc_mem_max_mib=36366.0 proc_mem_share_avg=74.00 proc_sm_util_avg=14.00 cuda_ms=47.02 cuda_busy_ratio=0.999
[pg-phase] epoch=1 batch=0 rollout_s=71.545 backward_s=40.827 step_s=0.047 backward_calls=16 chunk=64 tbptt=64 status=ok objective=+2.831e-03 reward_mean=+2.831e-03 reward_std=2.013e-01 reward_min=na reward_max=na reward_absmax=0.000e+00 clip_hit=0.000 norm_clip_hit=0.000 grad_norm=4.084e-03 stepped=1 opt_step=1 rollout_policy_cuda_ms=15264.48 rollout_transition_cuda_ms=12886.31 rollout_policy_share=0.542 rollout_policy_wall_ms=15273.22 rollout_transition_wall_ms=12920.32 rollout_policy_wall_share=0.542 rollout_transition_y_share=0.445 rollout_transition_x_share=0.455 rollout_transition_group_share=0.964 rollout_transition_env_pack_share=0.028 rollout_transition_state_update_share=0.026 rollout_transition_noise_share=0.028 rollout_transition_group_count=2 rollout_noise_mode=block_stream rollout_noise_block_size=64 policy_step_calls=1024 policy_step_total_ms=15007.64 policy_step_encode_share=0.053 policy_step_transformer_share=0.928 policy_step_decoder_share=0.017 rollout_cuda_busy_ratio=1.000 backward_cuda_busy_ratio=1.000 tbptt_stream_merge_windows=1 rollout_forward_est_s=30.718 rollout_instage_backward_s=40.827 rollout_instage_backward_share=0.571 pg_loss_sig=pg_v2|norm=0|disc=1|detach=1|eps=1e-06|clip=10|rclip=10 host_rss_gib=1.88 host_avail_gib=54.76
 [profile-interval] epoch=1 batch=1 steps/s=0.01 samples/s=0.89 tokens/s=915.32
[pg-epoch] obj_mean=+2.831e-03 obj_std=0.000e+00 obj_snr=2.831e+09 grad_snr=4083941690.62376 flip_rate=0.0
[pg-note] learning rate is still in warmup phase (epoch 1/20, lr=3.000e-15, base_lr=3.000e-05); early objective fluctuations are expected.
-----------------------------------------------------------------------------------------
 peak gpu mem alloc/reserved 30.13GiB/35.05GiB |
| end of epoch   1 | Wallclock time: 71.60s | GPU time: 71.60s | mean loss -2.830830e-03 | 
 profile steps/s 0.01 (ema 0.01) | samples/s 0.89 | tokens/s 915.31 | valid/skipped 1/0
 gpu-observer samples 242 | gpu_util_avg 27.483471074380166 | gpu_util_max 39.0 | proc_mem_avg_mib 33305.9173553719 | proc_mem_max_mib 36366.0 | proc_sm_util_avg 25.56888888888889 | proc_sm_util_max 31.0
 lr 3.0000000000000002e-15 nan share  0.00 ignore share (for classification tasks) 0.0000
-----------------------------------------------------------------------------------------
Saving model to ./models_diff/rlpfn_E1_n1_traingpuobserverenabledTrue_traingpuobserverintervalsec0.2_trainprofilerenabledTrue_trainprofilerlogeverybatches1_trainprofilerwandbFalse_03_04_2026_08_38_03_epoch_on_exit.cpkt
