Setting regression parameters
Not logging run with mlflow, set MLFLOW_HOSTNAME environment to variable enable mlflow.
Number of parameters in backbone:  25233408
Using a Transformer with 25.98 M parameters
Using cuda device
Policy TF32 matmul: True (prev=False)
Train profiler: enabled (output_path=None, ema_alpha=0.20, warmup_epochs=0, warmup_batches=0, log_every_batches=1, wandb=False)
GPU observer: enabled (device_index=0, pid=822517, interval_sec=0.20, sample_output=None, stage_output=None)
Using policy_gradient objective with differentiable EnvironmentPrior rollout.
Environment rollout backend: torch_vectorized (grouping=family, strict_rng_match=False)
Policy objective: raw_discounted_reward_mean (discount=1)
Policy rollout chunk size: auto(batch_size)
Policy rollout chunk autotune: False (grow_every=8, grow_factor=2.00)
Policy rollout checkpoint: True
Policy rollout checkpoint reentrant: True
Policy inner forward_step recompute_attn: kept enabled (TBPTT streaming path does not use outer rollout checkpoint).
Policy grad-mutable KV cache: True
Policy KV cache mode: paged
Policy KV cache page size: 128
Policy paged-attn train mode: auto
Policy flash-prefix async: True
Policy paged-attn dense page cap: 128
Policy paged tail freeze: True
Policy KV cache in-place append: False
Policy saved-tensors CPU offload: False
Policy OOM debug re-raise: False
Policy TBPTT window: 64
Policy TBPTT stream merge windows: 1
Policy env replay steps: 1
Policy OOM reduce TBPTT first: True
Policy torch.compile: False
Policy runtime torch: 2.10.0+cu128 (sdpa_kernel_api=True)
Policy finalize 2D fastpath: True
Policy autocast dtype: bf16
GPU observer enabled: True
GPU observer sampling: interval_sec=0.20 samples_jsonl=None stages_jsonl=None
Kernel profiler enabled: False
Single GPU training on NVIDIA GeForce RTX 4090
Starting training of model rlpfn_E1_n1_traingpuobserverenabledTrue_traingpuobserverintervalsec0.2_trainprofilerenabledTrue_trainprofilerlogeverybatches1_trainprofilerwandbFalse_03_04_2026_10_58_13
AdamW fused: enabled
start of epoch 1
[pg-gpu-stage] epoch=1 batch=0 stage=rollout  samples=247 gpu_util_avg=25.51 gpu_util_max=35.00 proc_mem_avg_mib=25335.7 proc_mem_max_mib=26984.0 proc_mem_share_avg=51.56 proc_sm_util_avg=24.97 cuda_ms=73049.17 cuda_busy_ratio=1.000 rollout_policy_cuda_ms=15095.08 rollout_transition_cuda_ms=13057.25 rollout_policy_share=0.536 rollout_policy_wall_ms=15105.13 rollout_transition_wall_ms=13091.10 rollout_policy_wall_share=0.536 rollout_transition_group_share=0.964 rollout_transition_env_pack_share=0.028 rollout_transition_state_update_share=0.032 rollout_transition_noise_share=0.026 rollout_transition_group_count=2 rollout_transition_async_enabled=1 rollout_transition_group_launch_share=0.898 rollout_transition_group_sync_share=0.037 rollout_noise_mode=block_stream rollout_noise_block_size=64 policy_step_calls=1024 policy_step_total_ms=14825.32 policy_step_encode_share=0.052 policy_step_transformer_share=0.924 policy_step_decoder_share=0.018 policy_step_tf_layer_calls=12288 policy_step_tf_layer_total_ms=13506.44 policy_step_tf_layer_proj_share=0.158 policy_step_tf_layer_cache_share=0.163 policy_step_tf_layer_attnff_share=0.656 policy_step_tf_layer_attn_core_share=0.142 policy_step_tf_layer_finalize_share=0.493 policy_step_tf_layer_finalize_attn_outproj_share=0.180 policy_step_tf_layer_finalize_ffn_share=0.269 policy_step_paged_dispatch(single/flashp/flashm/dense)=768/11520/0/0 rollout_cuda_busy_ratio=1.000 backward_cuda_busy_ratio=1.000 tbptt_stream_merge_windows=1 tbptt_stream_backward_calls=16 tbptt_stream_backward_roots=16 tbptt_stream_merge_effective=1.00 rollout_forward_est_s=30.642 rollout_instage_backward_s=42.408 rollout_instage_backward_share=0.581 pg_loss_sig=pg_v2|norm=0|disc=1|detach=1|eps=1e-06|clip=10|rclip=10 host_rss_gib=1.90 host_avail_gib=54.27
[pg-gpu-stage] epoch=1 batch=0 stage=backward  samples=235 gpu_util_avg=25.74 gpu_util_max=29.00 proc_mem_avg_mib=26199.6 proc_mem_max_mib=26984.0 proc_mem_share_avg=53.32 proc_sm_util_avg=25.17 cuda_ms=42405.81 cuda_busy_ratio=0.611
[pg-gpu-stage] epoch=1 batch=0 stage=step  samples=1 gpu_util_avg=26.00 gpu_util_max=26.00 proc_mem_avg_mib=26984.0 proc_mem_max_mib=26984.0 proc_mem_share_avg=54.91 proc_sm_util_avg=na cuda_ms=49.92 cuda_busy_ratio=0.999
[pg-phase] epoch=1 batch=0 rollout_s=73.050 backward_s=42.408 step_s=0.050 backward_calls=16 chunk=64 tbptt=64 status=ok objective=+2.853e-03 reward_mean=+2.853e-03 reward_std=2.013e-01 reward_min=na reward_max=na reward_absmax=0.000e+00 clip_hit=0.000 norm_clip_hit=0.000 grad_norm=4.018e-03 stepped=1 opt_step=1 rollout_policy_cuda_ms=15095.08 rollout_transition_cuda_ms=13057.25 rollout_policy_share=0.536 rollout_policy_wall_ms=15105.13 rollout_transition_wall_ms=13091.10 rollout_policy_wall_share=0.536 rollout_transition_group_share=0.964 rollout_transition_env_pack_share=0.028 rollout_transition_state_update_share=0.032 rollout_transition_noise_share=0.026 rollout_transition_group_count=2 rollout_transition_async_enabled=1 rollout_transition_group_launch_share=0.898 rollout_transition_group_sync_share=0.037 rollout_noise_mode=block_stream rollout_noise_block_size=64 policy_step_calls=1024 policy_step_total_ms=14825.32 policy_step_encode_share=0.052 policy_step_transformer_share=0.924 policy_step_decoder_share=0.018 policy_step_tf_layer_calls=12288 policy_step_tf_layer_total_ms=13506.44 policy_step_tf_layer_proj_share=0.158 policy_step_tf_layer_cache_share=0.163 policy_step_tf_layer_attnff_share=0.656 policy_step_tf_layer_attn_core_share=0.142 policy_step_tf_layer_finalize_share=0.493 policy_step_tf_layer_finalize_attn_outproj_share=0.180 policy_step_tf_layer_finalize_ffn_share=0.269 policy_step_paged_dispatch(single/flashp/flashm/dense)=768/11520/0/0 rollout_cuda_busy_ratio=1.000 backward_cuda_busy_ratio=1.000 tbptt_stream_merge_windows=1 tbptt_stream_backward_calls=16 tbptt_stream_backward_roots=16 tbptt_stream_merge_effective=1.00 rollout_forward_est_s=30.642 rollout_instage_backward_s=42.408 rollout_instage_backward_share=0.581 pg_loss_sig=pg_v2|norm=0|disc=1|detach=1|eps=1e-06|clip=10|rclip=10 host_rss_gib=1.90 host_avail_gib=54.27
 [profile-interval] epoch=1 batch=1 steps/s=0.01 samples/s=0.88 tokens/s=896.45
[pg-epoch] obj_mean=+2.853e-03 obj_std=0.000e+00 obj_snr=2.853e+09 grad_snr=4017712082.7138424 flip_rate=0.0
[pg-note] learning rate is still in warmup phase (epoch 1/20, lr=3.000e-15, base_lr=3.000e-05); early objective fluctuations are expected.
-----------------------------------------------------------------------------------------
 peak gpu mem alloc/reserved 24.22GiB/25.87GiB |
| end of epoch   1 | Wallclock time: 73.11s | GPU time: 73.11s | mean loss -2.853289e-03 | 
 profile steps/s 0.01 (ema 0.01) | samples/s 0.88 | tokens/s 896.43 | valid/skipped 1/0
 gpu-observer samples 248 | gpu_util_avg 25.508064516129032 | gpu_util_max 35.0 | proc_mem_avg_mib 25342.314516129034 | proc_mem_max_mib 26984.0 | proc_sm_util_avg 24.965217391304346 | proc_sm_util_max 28.0
 lr 3.0000000000000002e-15 nan share  0.00 ignore share (for classification tasks) 0.0000
-----------------------------------------------------------------------------------------
Saving model to ./models_diff/rlpfn_E1_n1_traingpuobserverenabledTrue_traingpuobserverintervalsec0.2_trainprofilerenabledTrue_trainprofilerlogeverybatches1_trainprofilerwandbFalse_03_04_2026_10_58_13_epoch_on_exit.cpkt
