Setting regression parameters
Not logging run with mlflow, set MLFLOW_HOSTNAME environment to variable enable mlflow.
Number of parameters in backbone:  25233408
Using a Transformer with 25.98 M parameters
Using cuda device
Policy TF32 matmul: True (prev=False)
Train profiler: enabled (output_path=None, ema_alpha=0.20, warmup_epochs=0, warmup_batches=0, log_every_batches=1, wandb=False)
GPU observer: enabled (device_index=0, pid=750975, interval_sec=0.20, sample_output=None, stage_output=None)
Using policy_gradient objective with differentiable EnvironmentPrior rollout.
Environment rollout backend: torch_vectorized (grouping=family, strict_rng_match=False)
Policy objective: raw_discounted_reward_mean (discount=1)
Policy rollout chunk size: auto(batch_size)
Policy rollout chunk autotune: False (grow_every=8, grow_factor=2.00)
Policy rollout checkpoint: True
Policy rollout checkpoint reentrant: True
Policy inner forward_step recompute_attn: kept enabled (TBPTT streaming path does not use outer rollout checkpoint).
Policy grad-mutable KV cache: True
Policy KV cache mode: paged
Policy KV cache page size: 128
Policy paged-attn train mode: auto
Policy flash-prefix async: True
Policy paged-attn dense page cap: 128
Policy KV cache in-place append: False
Policy saved-tensors CPU offload: False
Policy OOM debug re-raise: False
Policy TBPTT window: 64
Policy TBPTT stream merge windows: 1
Policy env replay steps: 1
Policy OOM reduce TBPTT first: True
Policy torch.compile: False
Policy runtime torch: 2.10.0+cu128 (sdpa_kernel_api=True)
Policy finalize 2D fastpath: True
Policy autocast dtype: bf16
GPU observer enabled: True
GPU observer sampling: interval_sec=0.20 samples_jsonl=None stages_jsonl=None
Kernel profiler enabled: False
Single GPU training on NVIDIA GeForce RTX 4090
Starting training of model rlpfn_E1_n1_traingpuobserverenabledTrue_traingpuobserverintervalsec0.2_trainprofilerenabledTrue_trainprofilerlogeverybatches1_trainprofilerwandbFalse_03_04_2026_08_56_35
AdamW fused: enabled
start of epoch 1
[pg-gpu-stage] epoch=1 batch=0 stage=rollout  samples=241 gpu_util_avg=26.56 gpu_util_max=30.00 proc_mem_avg_mib=27470.5 proc_mem_max_mib=29902.0 proc_mem_share_avg=55.90 proc_sm_util_avg=25.40 cuda_ms=71546.12 cuda_busy_ratio=1.000 rollout_policy_cuda_ms=15703.20 rollout_transition_cuda_ms=12882.79 rollout_policy_share=0.549 rollout_policy_wall_ms=15708.77 rollout_transition_wall_ms=12926.52 rollout_policy_wall_share=0.549 rollout_transition_y_share=0.000 rollout_transition_x_share=0.000 rollout_transition_group_share=0.963 rollout_transition_env_pack_share=0.029 rollout_transition_state_update_share=0.035 rollout_transition_noise_share=0.027 rollout_transition_group_count=2 rollout_transition_async_enabled=1 rollout_transition_group_launch_share=0.890 rollout_transition_group_sync_share=0.042 rollout_noise_mode=block_stream rollout_noise_block_size=64 policy_step_calls=1024 policy_step_total_ms=15433.92 policy_step_encode_share=0.051 policy_step_transformer_share=0.926 policy_step_decoder_share=0.018 policy_step_tf_layer_calls=12288 policy_step_tf_layer_total_ms=14148.95 policy_step_tf_layer_proj_share=0.152 policy_step_tf_layer_cache_share=0.196 policy_step_tf_layer_attnff_share=0.631 policy_step_tf_layer_attn_core_share=0.132 policy_step_tf_layer_finalize_share=0.480 policy_step_tf_layer_finalize_attn_outproj_share=0.173 policy_step_tf_layer_finalize_ffn_share=0.270 policy_step_paged_dispatch(single/flashp/flashm/dense)=1536/10752/0/0 rollout_cuda_busy_ratio=1.000 backward_cuda_busy_ratio=1.000 tbptt_stream_merge_windows=1 rollout_forward_est_s=31.060 rollout_instage_backward_s=40.486 rollout_instage_backward_share=0.566 pg_loss_sig=pg_v2|norm=0|disc=1|detach=1|eps=1e-06|clip=10|rclip=10 host_rss_gib=1.79 host_avail_gib=54.43
[pg-gpu-stage] epoch=1 batch=0 stage=backward  samples=230 gpu_util_avg=26.75 gpu_util_max=30.00 proc_mem_avg_mib=28417.4 proc_mem_max_mib=29902.0 proc_mem_share_avg=57.83 proc_sm_util_avg=25.59 cuda_ms=40482.27 cuda_busy_ratio=0.594
[pg-gpu-stage] epoch=1 batch=0 stage=step  samples=0 gpu_util_avg=na gpu_util_max=na proc_mem_avg_mib=na proc_mem_max_mib=na proc_mem_share_avg=na proc_sm_util_avg=na cuda_ms=45.88 cuda_busy_ratio=0.997
[pg-phase] epoch=1 batch=0 rollout_s=71.547 backward_s=40.486 step_s=0.046 backward_calls=16 chunk=64 tbptt=64 status=ok objective=+1.941e-02 reward_mean=+1.941e-02 reward_std=4.939e-01 reward_min=na reward_max=na reward_absmax=0.000e+00 clip_hit=0.000 norm_clip_hit=0.000 grad_norm=1.328e-02 stepped=1 opt_step=1 rollout_policy_cuda_ms=15703.20 rollout_transition_cuda_ms=12882.79 rollout_policy_share=0.549 rollout_policy_wall_ms=15708.77 rollout_transition_wall_ms=12926.52 rollout_policy_wall_share=0.549 rollout_transition_y_share=0.000 rollout_transition_x_share=0.000 rollout_transition_group_share=0.963 rollout_transition_env_pack_share=0.029 rollout_transition_state_update_share=0.035 rollout_transition_noise_share=0.027 rollout_transition_group_count=2 rollout_transition_async_enabled=1 rollout_transition_group_launch_share=0.890 rollout_transition_group_sync_share=0.042 rollout_noise_mode=block_stream rollout_noise_block_size=64 policy_step_calls=1024 policy_step_total_ms=15433.92 policy_step_encode_share=0.051 policy_step_transformer_share=0.926 policy_step_decoder_share=0.018 policy_step_tf_layer_calls=12288 policy_step_tf_layer_total_ms=14148.95 policy_step_tf_layer_proj_share=0.152 policy_step_tf_layer_cache_share=0.196 policy_step_tf_layer_attnff_share=0.631 policy_step_tf_layer_attn_core_share=0.132 policy_step_tf_layer_finalize_share=0.480 policy_step_tf_layer_finalize_attn_outproj_share=0.173 policy_step_tf_layer_finalize_ffn_share=0.270 policy_step_paged_dispatch(single/flashp/flashm/dense)=1536/10752/0/0 rollout_cuda_busy_ratio=1.000 backward_cuda_busy_ratio=1.000 tbptt_stream_merge_windows=1 rollout_forward_est_s=31.060 rollout_instage_backward_s=40.486 rollout_instage_backward_share=0.566 pg_loss_sig=pg_v2|norm=0|disc=1|detach=1|eps=1e-06|clip=10|rclip=10 host_rss_gib=1.79 host_avail_gib=54.43
 [profile-interval] epoch=1 batch=1 steps/s=0.01 samples/s=0.89 tokens/s=915.31
[pg-epoch] obj_mean=+1.941e-02 obj_std=0.000e+00 obj_snr=1.941e+10 grad_snr=13281008228.65963 flip_rate=0.0
[pg-note] learning rate is still in warmup phase (epoch 1/20, lr=3.000e-15, base_lr=3.000e-05); early objective fluctuations are expected.
-----------------------------------------------------------------------------------------
 peak gpu mem alloc/reserved 25.30GiB/28.72GiB |
| end of epoch   1 | Wallclock time: 71.60s | GPU time: 71.60s | mean loss -1.941264e-02 | 
 profile steps/s 0.01 (ema 0.01) | samples/s 0.89 | tokens/s 915.29 | valid/skipped 1/0
 gpu-observer samples 241 | gpu_util_avg 26.556016597510375 | gpu_util_max 30.0 | proc_mem_avg_mib 27470.489626556016 | proc_mem_max_mib 29902.0 | proc_sm_util_avg 25.398230088495577 | proc_sm_util_max 29.0
 lr 3.0000000000000002e-15 nan share  0.00 ignore share (for classification tasks) 0.0000
-----------------------------------------------------------------------------------------
Saving model to ./models_diff/rlpfn_E1_n1_traingpuobserverenabledTrue_traingpuobserverintervalsec0.2_trainprofilerenabledTrue_trainprofilerlogeverybatches1_trainprofilerwandbFalse_03_04_2026_08_56_35_epoch_on_exit.cpkt
