Setting regression parameters
Not logging run with mlflow, set MLFLOW_HOSTNAME environment to variable enable mlflow.
Number of parameters in backbone:  25233408
Using a Transformer with 25.98 M parameters
Using cuda device
Policy TF32 matmul: True (prev=False)
Train profiler: enabled (output_path=None, ema_alpha=0.20, warmup_epochs=0, warmup_batches=0, log_every_batches=1, wandb=False)
GPU observer: enabled (device_index=0, pid=737420, interval_sec=0.20, sample_output=None, stage_output=None)
Using policy_gradient objective with differentiable EnvironmentPrior rollout.
Environment rollout backend: torch_vectorized (grouping=family, strict_rng_match=False)
Policy objective: raw_discounted_reward_mean (discount=1)
Policy rollout chunk size: auto(batch_size)
Policy rollout chunk autotune: False (grow_every=8, grow_factor=2.00)
Policy rollout checkpoint: True
Policy rollout checkpoint reentrant: True
Policy inner forward_step recompute_attn: kept enabled (TBPTT streaming path does not use outer rollout checkpoint).
Policy grad-mutable KV cache: True
Policy KV cache mode: paged
Policy KV cache page size: 128
Policy paged-attn train mode: auto
Policy paged-attn dense page cap: 128
Policy KV cache in-place append: False
Policy saved-tensors CPU offload: False
Policy OOM debug re-raise: False
Policy TBPTT window: 64
Policy TBPTT stream merge windows: 2
Policy env replay steps: 1
Policy OOM reduce TBPTT first: True
Policy torch.compile: False
Policy runtime torch: 2.10.0+cu128 (sdpa_kernel_api=True)
Policy finalize 2D fastpath: True
Policy autocast dtype: bf16
GPU observer enabled: True
GPU observer sampling: interval_sec=0.20 samples_jsonl=None stages_jsonl=None
Kernel profiler enabled: False
Single GPU training on NVIDIA GeForce RTX 4090
Starting training of model rlpfn_E1_n1_traingpuobserverenabledTrue_traingpuobserverintervalsec0.2_trainprofilerenabledTrue_trainprofilerlogeverybatches1_trainprofilerwandbFalse_03_04_2026_08_33_05
AdamW fused: enabled
start of epoch 1
[pg-oom] epoch=1 batch=0 reducing TBPTT stream merge windows to 1 (chunk=64, tbptt=64)
[pg-oom-retry] epoch=1 batch=0 attempt=2/8 chunk=64 tbptt=64
[pg-oom] epoch=1 batch=0 reducing TBPTT window to 32 (keeping policy rollout chunk size unchanged)
[pg-oom-retry] epoch=1 batch=0 attempt=3/8 chunk=64 tbptt=32
