/home/liangchen/miniconda3/envs/rlpfn/lib/python3.11/site-packages/torch/cuda/__init__.py:65: FutureWarning: The pynvml package is deprecated. Please install nvidia-ml-py instead. If you did not install pynvml directly, please report this to the maintainers of the package that installed pynvml for you.
  import pynvml  # type: ignore[import]
Setting regression parameters
Not logging run with mlflow, set MLFLOW_HOSTNAME environment to variable enable mlflow.
Number of parameters in backbone:  25233408
Using a Transformer with 25.98 M parameters
Using cuda device
Train profiler: enabled (output_path=None, ema_alpha=0.20, warmup_epochs=0, warmup_batches=0, log_every_batches=1, wandb=False)
GPU observer: enabled (device_index=0, pid=1350641, interval_sec=0.20, sample_output=None, stage_output=None)
Using policy_gradient objective with differentiable EnvironmentPrior rollout.
Environment rollout backend: torch_vectorized (grouping=family, strict_rng_match=False)
Policy rollout chunk size: auto(batch_size)
Policy rollout chunk autotune: False (grow_every=8, grow_factor=2.00)
Policy rollout checkpoint: True
Policy rollout checkpoint reentrant: True
Policy inner forward_step recompute_attn: kept enabled (TBPTT streaming path does not use outer rollout checkpoint).
Policy grad-mutable KV cache: True
Policy KV cache mode: paged
Policy KV cache page size: 128
Policy saved-tensors CPU offload: False
Policy OOM debug re-raise: False
Policy TBPTT window: 128
Policy OOM reduce TBPTT first: True
Policy torch.compile: False
GPU observer enabled: True
GPU observer sampling: interval_sec=0.20 samples_jsonl=None stages_jsonl=None
Kernel profiler enabled: False
Single GPU training on NVIDIA GeForce RTX 4090
Starting training of model rlpfn_E1_n1_traingpuobserverenabledTrue_traingpuobserverintervalsec0.2_trainprofilerenabledTrue_trainprofilerlogeverybatches1_trainprofilerwandbFalse_03_02_2026_11_49_52
AdamW fused: enabled
/home/chen/RLPFN/ticl/ticl/train.py:2011: FutureWarning: `torch.cuda.amp.GradScaler(args...)` is deprecated. Please use `torch.amp.GradScaler('cuda', args...)` instead.
  scaler = GradScaler() if train_mixed_precision and device != "cpu" else None
start of epoch 1
/home/chen/RLPFN/ticl/ticl/train.py:1086: FutureWarning: `torch.cuda.amp.autocast(args...)` is deprecated. Please use `torch.amp.autocast('cuda', args...)` instead.
  with autocast(dtype=torch.bfloat16 if torch.cuda.is_bf16_supported() else torch.float16) if scaler is not None else nullcontext():
[pg-gpu-stage] epoch=1 batch=0 stage=rollout  samples=230 gpu_util_avg=16.94 gpu_util_max=27.00 proc_mem_avg_mib=18956.1 proc_mem_max_mib=35802.0 proc_mem_share_avg=38.58 proc_sm_util_avg=16.52 cuda_ms=68373.39 cuda_busy_ratio=1.000
[pg-gpu-stage] epoch=1 batch=0 stage=backward  samples=215 gpu_util_avg=17.15 gpu_util_max=27.00 proc_mem_avg_mib=19913.8 proc_mem_max_mib=35802.0 proc_mem_share_avg=40.52 proc_sm_util_avg=16.74 cuda_ms=41266.57 cuda_busy_ratio=0.645
[pg-gpu-stage] epoch=1 batch=0 stage=step  samples=0 gpu_util_avg=na gpu_util_max=na proc_mem_avg_mib=na proc_mem_max_mib=na proc_mem_share_avg=na proc_sm_util_avg=na cuda_ms=69.98 cuda_busy_ratio=0.998
[pg-phase] epoch=0 batch=0 rollout_s=68.374 backward_s=41.269 step_s=0.070 backward_calls=8 chunk=8 tbptt=128 status=ok
 [profile-interval] epoch=1 batch=1 steps/s=0.01 samples/s=0.12 tokens/s=119.67
-----------------------------------------------------------------------------------------
 peak gpu mem alloc/reserved 27.04GiB/34.50GiB |
| end of epoch   1 | Wallclock time: 68.46s | GPU time: 68.46s | mean loss 0.0000 | 
 profile steps/s 0.01 (ema 0.01) | samples/s 0.12 | tokens/s 119.67 | valid/skipped 1/0
 gpu-observer samples 230 | gpu_util_avg 16.943478260869565 | gpu_util_max 27.0 | proc_mem_avg_mib 18956.147826086955 | proc_mem_max_mib 35802.0 | proc_sm_util_avg 16.522321428571427 | proc_sm_util_max 30.0
 lr 3.0000000000000002e-15 nan share  0.00 ignore share (for classification tasks) 0.0000
-----------------------------------------------------------------------------------------
Saving model to ./models_diff/rlpfn_E1_n1_traingpuobserverenabledTrue_traingpuobserverintervalsec0.2_trainprofilerenabledTrue_trainprofilerlogeverybatches1_trainprofilerwandbFalse_03_02_2026_11_49_52_epoch_on_exit.cpkt
