/home/liangchen/miniconda3/envs/rlpfn/lib/python3.11/site-packages/torch/cuda/__init__.py:65: FutureWarning: The pynvml package is deprecated. Please install nvidia-ml-py instead. If you did not install pynvml directly, please report this to the maintainers of the package that installed pynvml for you.
  import pynvml  # type: ignore[import]
Setting regression parameters
Not logging run with mlflow, set MLFLOW_HOSTNAME environment to variable enable mlflow.
Number of parameters in backbone:  25233408
Using a Transformer with 25.98 M parameters
Using cuda device
Train profiler: enabled (output_path=None, ema_alpha=0.20, warmup_epochs=0, warmup_batches=0, log_every_batches=1, wandb=False)
GPU observer: enabled (device_index=0, pid=1344947, interval_sec=0.20, sample_output=None, stage_output=None)
Using policy_gradient objective with differentiable EnvironmentPrior rollout.
Environment rollout backend: torch_vectorized (grouping=family, strict_rng_match=False)
Policy rollout chunk size: auto(batch_size)
Policy rollout chunk autotune: False (grow_every=8, grow_factor=2.00)
Policy rollout checkpoint: True
Policy rollout checkpoint reentrant: True
Policy inner forward_step recompute_attn: kept enabled (TBPTT streaming path does not use outer rollout checkpoint).
Policy grad-mutable KV cache: True
Policy KV cache mode: paged
Policy KV cache page size: 128
Policy saved-tensors CPU offload: False
Policy OOM debug re-raise: False
Policy TBPTT window: 128
Policy OOM reduce TBPTT first: True
Policy torch.compile: True
GPU observer enabled: True
GPU observer sampling: interval_sec=0.20 samples_jsonl=None stages_jsonl=None
Kernel profiler enabled: False
Single GPU training on NVIDIA GeForce RTX 4090
Starting training of model rlpfn_E1_n1_pgtorchcompileTrue_pgtorchcompilemodedefault_traingpuobserverenabledTrue_traingpuobserverintervalsec0.2_trainprofilerenabledTrue_trainprofilerlogeverybatches1_trainprofilerwandbFalse_03_02_2026_11_43_07
AdamW fused: enabled
/home/chen/RLPFN/ticl/ticl/train.py:2011: FutureWarning: `torch.cuda.amp.GradScaler(args...)` is deprecated. Please use `torch.amp.GradScaler('cuda', args...)` instead.
  scaler = GradScaler() if train_mixed_precision and device != "cpu" else None
start of epoch 1
[pg-compile] enabled forward_policy_step compile (backend=inductor, mode=default, fullgraph=False, dynamic=False)
[pg-compile] enabled forward_policy_step_split compile (backend=inductor, mode=default, fullgraph=False, dynamic=False)
/home/chen/RLPFN/ticl/ticl/train.py:1086: FutureWarning: `torch.cuda.amp.autocast(args...)` is deprecated. Please use `torch.amp.autocast('cuda', args...)` instead.
  with autocast(dtype=torch.bfloat16 if torch.cuda.is_bf16_supported() else torch.float16) if scaler is not None else nullcontext():
W0302 11:45:37.584000 1344947 /home/chen/miniconda3/envs/rlpfn/lib/python3.11/site-packages/torch/_dynamo/convert_frame.py:1676] [0/8] torch._dynamo hit config.recompile_limit (8)
W0302 11:45:37.584000 1344947 /home/chen/miniconda3/envs/rlpfn/lib/python3.11/site-packages/torch/_dynamo/convert_frame.py:1676] [0/8]    function: 'forward_policy_step_split' (/home/chen/RLPFN/ticl/ticl/models/tabpfn.py:220)
W0302 11:45:37.584000 1344947 /home/chen/miniconda3/envs/rlpfn/lib/python3.11/site-packages/torch/_dynamo/convert_frame.py:1676] [0/8]    last reason: 0/7: tensor 'kv_cache[0]['k']' stride mismatch at index 0. expected 3584, actual 4096
W0302 11:45:37.584000 1344947 /home/chen/miniconda3/envs/rlpfn/lib/python3.11/site-packages/torch/_dynamo/convert_frame.py:1676] [0/8] To log all recompilation reasons, use TORCH_LOGS="recompiles".
W0302 11:45:37.584000 1344947 /home/chen/miniconda3/envs/rlpfn/lib/python3.11/site-packages/torch/_dynamo/convert_frame.py:1676] [0/8] To diagnose recompilation issues, see https://pytorch.org/docs/main/compile/programming_model.recompilation.html
[pg-gpu-stage] epoch=1 batch=0 stage=rollout  samples=786 gpu_util_avg=11.35 gpu_util_max=93.00 proc_mem_avg_mib=8053.1 proc_mem_max_mib=36236.0 proc_mem_share_avg=16.39 proc_sm_util_avg=16.59 cuda_ms=301781.94 cuda_busy_ratio=1.000
[pg-gpu-stage] epoch=1 batch=0 stage=backward  samples=425 gpu_util_avg=14.68 gpu_util_max=93.00 proc_mem_avg_mib=13951.9 proc_mem_max_mib=36236.0 proc_mem_share_avg=28.39 proc_sm_util_avg=17.16 cuda_ms=124089.51 cuda_busy_ratio=0.827
[pg-gpu-stage] epoch=1 batch=0 stage=step  samples=0 gpu_util_avg=na gpu_util_max=na proc_mem_avg_mib=na proc_mem_max_mib=na proc_mem_share_avg=na proc_sm_util_avg=na cuda_ms=41.01 cuda_busy_ratio=0.995
[pg-phase] epoch=0 batch=0 rollout_s=301.785 backward_s=124.092 step_s=0.041 backward_calls=8 chunk=8 tbptt=128 status=grad_norm_nonfinite
[train-skip] epoch=0 batch=0 reason=grad_norm_nonfinite
 [profile-interval] epoch=1 batch=1 steps/s=0.00 samples/s=0.03 tokens/s=27.04
[train-warn] all batches were skipped due to non-finite loss/grad.
-----------------------------------------------------------------------------------------
 peak gpu mem alloc/reserved 26.63GiB/34.92GiB |
| end of epoch   1 | Wallclock time: 303.01s | GPU time: 303.00s | mean loss   inf | 
 profile steps/s 0.00 (ema 0.00) | samples/s 0.03 | tokens/s 27.04 | valid/skipped 0/1
 gpu-observer samples 789 | gpu_util_avg 11.32192648922687 | gpu_util_max 93.0 | proc_mem_avg_mib 8024.405576679341 | proc_mem_max_mib 36236.0 | proc_sm_util_avg 16.587591240875913 | proc_sm_util_max 93.0
 lr 3.0000000000000002e-15 nan share  0.00 ignore share (for classification tasks) 0.0000
-----------------------------------------------------------------------------------------
/home/liangchen/miniconda3/envs/rlpfn/lib/python3.11/site-packages/torch/optim/lr_scheduler.py:1195: UserWarning: Detected call of `lr_scheduler.step()` before `optimizer.step()`. In PyTorch 1.1.0 and later, you should call them in the opposite order: `optimizer.step()` before `lr_scheduler.step()`.  Failure to do this will result in PyTorch skipping the first value of the learning rate schedule. See more details at https://pytorch.org/docs/stable/optim.html#how-to-adjust-learning-rate
  scheduler.step()
Saving model to ./models_diff/rlpfn_E1_n1_pgtorchcompileTrue_pgtorchcompilemodedefault_traingpuobserverenabledTrue_traingpuobserverintervalsec0.2_trainprofilerenabledTrue_trainprofilerlogeverybatches1_trainprofilerwandbFalse_03_02_2026_11_43_07_epoch_on_exit.cpkt
